// Jest Snapshot v1, https://goo.gl/fbAQLP

exports[`should run a single file in a project 1`] = `
Object {
  "errors": Array [],
  "output": Array [
    "
> ispec@0.0.1 e2e:test /Users/dawn/projects/ispec
> npm --prefix ./example  run e2e

",
    "
> example@1.0.0 e2e /Users/dawn/projects/ispec/example
> ispec ./e2e

",
    "{\\"failed\\":[],\\"passed\\":[],\\"runners\\":[],\\"specFiles\\":[[\\"auth-missing-token.spec.yml\\",\\"auth-sucess.spec.yml\\"]]}
",
  ],
  "status": Object {
    "code": 0,
    "error": undefined,
    "signal": null,
  },
}
`;
